<!-- Generated Map File Info 04-Apr-2020 23:39:13 -->
<MappingInfo>
<Mapping File='E:\04_MBD\Demos\vcfp\CodeViewFiles\tl_types.h.js'>
</Mapping> <!-- E:\04_MBD\Demos\vcfp\CodeViewFiles\tl_types.h.js -->
<Mapping File='E:\04_MBD\Demos\vcfp\CodeViewFiles\tl_basetypes.h.js'>
</Mapping> <!-- E:\04_MBD\Demos\vcfp\CodeViewFiles\tl_basetypes.h.js -->
<Mapping File='E:\04_MBD\Demos\vcfp\CodeViewFiles\tl_defines_a.h.js'>
</Mapping> <!-- E:\04_MBD\Demos\vcfp\CodeViewFiles\tl_defines_a.h.js -->
<Mapping File='E:\04_MBD\Demos\vcfp\CodeViewFiles\udt_a.h.js'>
</Mapping> <!-- E:\04_MBD\Demos\vcfp\CodeViewFiles\udt_a.h.js -->
<Mapping File='E:\04_MBD\Demos\vcfp\CodeViewFiles\pidcontroller.c.js'>
<Entry Hash='2341683181' VarId= 'N08E890C0.08ED1C20' CompuIdx='4294967295'>
    <BlockPath>//DD0/Subsystems/pidcontroller/ModelView/U_X/output</BlockPath>
    <DeclFile>pidcontroller.h</DeclFile>
    <DefFile Idx='2'></DefFile>
</Entry>
<Entry Hash='2341683013' VarId= 'N08E890C0.08ED1AD0' CompuIdx='4294967295'>
    <BlockPath>//DD0/Subsystems/pidcontroller/ModelView/U_M/output</BlockPath>
    <DeclFile>pidcontroller.h</DeclFile>
    <DefFile Idx='1'></DefFile>
</Entry>
<Entry Hash='2341717277' VarId= 'N08E890C0.08ED1980' CompuIdx='4294967295'>
    <BlockPath>//DD0/Subsystems/pidcontroller/ModelView/REF/output</BlockPath>
    <DeclFile>pidcontroller.h</DeclFile>
    <DefFile Idx='0'></DefFile>
</Entry>
<Entry Hash='2382112240' VarId= 'N08D74D48.08EB4F28' CompuIdx='38'>
    <BlockPath>//DD0/Subsystems/pidcontroller/ModelView/xi/output</BlockPath>
    <DeclFile>pidcontroller.c</DeclFile>
    <DefFile Idx='25'></DefFile>
</Entry>
<Entry Hash='23866066' VarId= 'N08D74D48.08EB5548' CompuIdx='80'>
    <BlockPath>//DD0/Subsystems/pidcontroller/ModelView/U_M/outputAddVariable</BlockPath>
    <DeclFile>pidcontroller.c</DeclFile>
    <DefFile Idx='29'></DefFile>
</Entry>
<Entry Hash='1433152210' VarId= 'N08D74D48.08EB53F8' CompuIdx='32'>
    <BlockPath>//DD0/Subsystems/pidcontroller/ModelView/U_X/outputAddVariable</BlockPath>
    <DeclFile>pidcontroller.c</DeclFile>
    <DefFile Idx='28'></DefFile>
</Entry>
<Entry Hash='2382112152' VarId= 'N08D74D48.08EB4DD8' CompuIdx='63'>
    <BlockPath>//DD0/Subsystems/pidcontroller/ModelView/xd/output</BlockPath>
    <DeclFile>pidcontroller.c</DeclFile>
    <DefFile Idx='24'></DefFile>
</Entry>
<Entry Hash='2382108312' VarId= 'N08D74D48.08EB49E8' CompuIdx='68'>
    <BlockPath>//DD0/Subsystems/pidcontroller/ModelView/Kd/output</BlockPath>
    <DeclFile>pidcontroller.c</DeclFile>
    <DefFile Idx='21'></DefFile>
</Entry>
<Entry Hash='762063535' VarId= 'N08D74D48.08EB52A8' CompuIdx='35'>
    <BlockPath>//DD0/Subsystems/pidcontroller/ModelView/REF/outputAddVariable</BlockPath>
    <DeclFile>pidcontroller.c</DeclFile>
    <DefFile Idx='27'></DefFile>
</Entry>
<Entry Hash='2382114712' VarId= 'N08D74D48.08EB4C88' CompuIdx='72'>
    <BlockPath>//DD0/Subsystems/pidcontroller/ModelView/sD/output</BlockPath>
    <DeclFile>pidcontroller.c</DeclFile>
    <DefFile Idx='23'></DefFile>
</Entry>
<Entry Hash='632239548' VarId= 'N08D74D48.08EB5900' CompuIdx='55'>
    <BlockPath>//DD0/Subsystems/pidcontroller/ModelView/xi/state</BlockPath>
    <DeclFile>pidcontroller.c</DeclFile>
    <DefFile Idx='31'></DefFile>
</Entry>
<Entry Hash='1705981375' VarId= 'N08D74D48.08EB5708' CompuIdx='75'>
    <BlockPath>//DD0/Subsystems/pidcontroller/ModelView/xd/state</BlockPath>
    <DeclFile>pidcontroller.c</DeclFile>
    <DefFile Idx='30'></DefFile>
</Entry>
<Entry Hash='634351988' VarId= 'N08D74D48.08EB4B38' CompuIdx='52'>
    <BlockPath>//DD0/Subsystems/pidcontroller/ModelView/e/output</BlockPath>
    <DeclFile>pidcontroller.c</DeclFile>
    <DefFile Idx='22'></DefFile>
</Entry>
</Mapping> <!-- E:\04_MBD\Demos\vcfp\CodeViewFiles\pidcontroller.c.js -->
<Mapping File='E:\04_MBD\Demos\vcfp\CodeViewFiles\pidcontroller.h.js'>
<Entry Hash='2341683181' VarId= 'N08DE3110.08DD18C0' CompuIdx='4294967295'>
    <BlockPath>//DD0/Subsystems/pidcontroller/ModelView/U_X/output</BlockPath>
    <DeclFile>pidcontroller.h</DeclFile>
    <DefFile Idx='2'></DefFile>
</Entry>
<Entry Hash='2341683013' VarId= 'N08DE3110.08DD1770' CompuIdx='4294967295'>
    <BlockPath>//DD0/Subsystems/pidcontroller/ModelView/U_M/output</BlockPath>
    <DeclFile>pidcontroller.h</DeclFile>
    <DefFile Idx='1'></DefFile>
</Entry>
<Entry Hash='2341717277' VarId= 'N08DE3110.08DD1620' CompuIdx='4294967295'>
    <BlockPath>//DD0/Subsystems/pidcontroller/ModelView/REF/output</BlockPath>
    <DeclFile>pidcontroller.h</DeclFile>
    <DefFile Idx='0'></DefFile>
</Entry>
</Mapping> <!-- E:\04_MBD\Demos\vcfp\CodeViewFiles\pidcontroller.h.js -->
<Mapping File='E:\04_MBD\Demos\vcfp\CodeViewFiles\access.c.js'>
</Mapping> <!-- E:\04_MBD\Demos\vcfp\CodeViewFiles\access.c.js -->
<Mapping File='E:\04_MBD\Demos\vcfp\CodeViewFiles\access.h.js'>
</Mapping> <!-- E:\04_MBD\Demos\vcfp\CodeViewFiles\access.h.js -->
</MappingInfo>
